Microchip MPLAB XC8 Compiler V2.32

Linker command line:

-W-3 --edf=C:\Program Files\Microchip\xc8\v2.32\pic\dat\en_msgs.txt -cn \
  -h+dist/default/production\UART-HC05.X.production.sym \
  --cmf=dist/default/production\UART-HC05.X.production.cmf -z -Q16F887 \
  -oC:\Users\ron_c\AppData\Local\Temp\xcAs14u4.4 --defsym=__MPLAB_BUILD=1 \
  -Mdist/default/production/UART-HC05.X.production.map -E1 \
  -ver=XC8 Compiler --acfsm=1493 -ASTACK=0110h-016Fh -pstack=STACK \
  -ACODE=00h-07FFhx4 -ASTRCODE=00h-01FFFh -ASTRING=00h-0FFhx32 \
  -ACONST=00h-0FFhx32 -AENTRY=00h-0FFhx32 -ACOMMON=070h-07Fh \
  -ABANK0=020h-06Fh -ABANK1=0A0h-0EFh -ABANK2=0110h-016Fh \
  -ABANK3=0190h-01EFh -ARAM=020h-06Fh,0A0h-0EFh,0110h-016Fh,0190h-01EFh \
  -AABS1=020h-07Fh,0A0h-0EFh,0110h-016Fh,0190h-01EFh -ASFR0=00h-01Fh \
  -ASFR1=080h-09Fh -ASFR2=0100h-010Fh -ASFR3=0180h-018Fh \
  -ACONFIG=02007h-02008h -DCONFIG=2 -AIDLOC=02000h-02003h -DIDLOC=2 \
  -AEEDATA=00h-0FFh/02100h -peeprom_data=EEDATA -DEEDATA=2 -DCODE=2 \
  -DSTRCODE=2 -DSTRING=2 -DCONST=2 -DENTRY=2 \
  -preset_vec=00h,intentry=04h,init,end_init -ppowerup=CODE -pcinit=CODE \
  -pfunctab=ENTRY -k C:\Users\ron_c\AppData\Local\Temp\xcAs14u4.o \
  dist/default/production\UART-HC05.X.production.o 

Object code version is 3.11

Machine type is 16F887



                Name                               Link     Load   Length Selector   Space Scale
C:\Users\ron_c\AppData\Local\Temp\xcAs14u4.o
                end_init                              E        E        3        8       0
                reset_vec                             0        0        3        0       0
                config                             2007     2007        2        0       4
dist/default/production\UART-HC05.X.production.o
                cinit                                11       11        E        8       0
                intentry                              4        4        A        8       0
                config                             2007     2007        2        0       4
                text6                                E2       E2        A        8       0
                text5                                D4       D4        E        8       0
                text4                                1F       1F       64        8       0
                text3                                F3       F3        7        8       0
                text2                                B9       B9       1B        8       0
                text1                                EC       EC        7        8       0
                maintext                             83       83       36        8       0
                cstackBANK0                          20       20        3       20       1
                cstackCOMMON                         70       70        6       70       1
                dataCOMMON                           7A       7A        1       70       1
                bssCOMMON                            76       76        4       70       1
                idataCOMMON                          FA       FA        1        8       0

TOTAL           Name                               Link     Load   Length     Space
        CLASS   STACK          

        CLASS   CODE           
                end_init                              E        E        3         0
                cinit                                11       11        E         0
                intentry                              4        4        A         0
                reset_vec                             0        0        3         0
                text6                                E2       E2        A         0
                text5                                D4       D4        E         0
                text4                                1F       1F       64         0
                text3                                F3       F3        7         0
                text2                                B9       B9       1B         0
                text1                                EC       EC        7         0
                maintext                             83       83       36         0
                idataCOMMON                          FA       FA        1         0

        CLASS   STRCODE        

        CLASS   STRING         

        CLASS   CONST          

        CLASS   ENTRY          

        CLASS   COMMON         
                cstackCOMMON                         70       70        6         1
                dataCOMMON                           7A       7A        1         1
                bssCOMMON                            76       76        4         1

        CLASS   BANK0          
                cstackBANK0                          20       20        3         1

        CLASS   BANK1          

        CLASS   BANK2          

        CLASS   BANK3          

        CLASS   RAM            

        CLASS   ABS1           
                abs_s1                               7E       7E        2         1

        CLASS   SFR0           

        CLASS   SFR1           

        CLASS   SFR2           

        CLASS   SFR3           

        CLASS   CONFIG         
                config                             2007     2007        2         4

        CLASS   IDLOC          

        CLASS   EEDATA         



SEGMENTS        Name                           Load    Length   Top    Selector   Space  Class     Delta

                reset_vec                      000000  000003  000003         0       0  CODE        2
                intentry                       000004  0000F7  0000FB         8       0  CODE        2
                cstackBANK0                    000020  000003  000023        20       1  BANK0       1
                cstackCOMMON                   000070  00000B  00007B        70       1  COMMON      1


UNUSED ADDRESS RANGES

        Name                Unused          Largest block    Delta
        BANK0            0023-006F             4D           1
        BANK1            00A0-00EF             50           1
        BANK2            0110-016F             60           1
        BANK3            0190-01EF             60           1
        CODE             0003-0003              1           2
                         00FB-1FFF            800
        COMMON           007B-007D              3           1
        CONST            0003-0003              1           2
                         00FB-1FFF            100
        EEDATA           2100-21FF            100           2
        ENTRY            0003-0003              1           2
                         00FB-1FFF            100
        IDLOC            2000-2003              4           2
        RAM              0023-006F             4D           1
                         00A0-00EF             50
                         0110-016F             60
                         0190-01EF             60
        SFR0             0000-001F             20           1
        SFR1             0080-009F             20           1
        SFR2             0100-010F             10           1
        SFR3             0180-018F             10           1
        STACK            0110-016F             60           1
        STRCODE          0003-0003              1           2
                         00FB-1FFF           1F05
        STRING           0003-0003              1           2
                         00FB-1FFF            100

                                  Symbol Table

UART_GET@value           cstackCOMMON 0071
UART_WRITE@send          cstackCOMMON 0070
_BAUDCTLbits             (abs)        0187
_FERR                    (abs)        00C2
_INTCONbits              (abs)        000B
_LED_set_off             text3        00F3
_OERR                    (abs)        00C1
_OPTION_REGbits          (abs)        0081
_OSCCONbits              (abs)        008F
_PIE1bits                (abs)        008C
_RCIF                    (abs)        0065
_RCREG                   (abs)        001A
_RCSTAbits               (abs)        0018
_RD0                     (abs)        0040
_RD1                     (abs)        0041
_RD2                     (abs)        0042
_RD3                     (abs)        0043
_SPBRG                   (abs)        0099
_SPBRGH                  (abs)        009A
_T0IF                    (abs)        005A
_TMR0                    (abs)        0001
_TRISDbits               (abs)        0088
_TXREG                   (abs)        0019
_TXSTAbits               (abs)        0098
_UART_GET                text6        00E2
_UART_WRITE              text5        00D4
_USART_Init              text2        00B9
__Habs1                  abs1         0000
__Hbank0                 bank0        0000
__Hbank1                 bank1        0000
__Hbank2                 bank2        0000
__Hbank3                 bank3        0000
__HbssCOMMON             bssCOMMON    0000
__Hcinit                 cinit        001F
__Hclrtext               clrtext      0000
__Hcode                  code         0000
__Hcommon                common       0000
__Hconfig                config       2009
__HcstackBANK0           cstackBANK0  0000
__HcstackCOMMON          cstackCOMMON 0000
__HdataCOMMON            dataCOMMON   0000
__Heeprom_data           eeprom_data  0000
__Hend_init              end_init     0011
__Hfunctab               functab      0000
__HidataCOMMON           idataCOMMON  0000
__Hinit                  init         000E
__Hintentry              intentry     000E
__Hmaintext              maintext     0000
__Hpowerup               powerup      0000
__Hram                   ram          0000
__Hreset_vec             reset_vec    0003
__Hsfr0                  sfr0         0000
__Hsfr1                  sfr1         0000
__Hsfr2                  sfr2         0000
__Hsfr3                  sfr3         0000
__Hspace_0               (abs)        00FB
__Hspace_1               (abs)        007B
__Hspace_2               (abs)        0000
__Hspace_3               (abs)        0000
__Hspace_4               (abs)        4010
__Hstack                 stack        0000
__Hstrings               strings      0000
__Htext                  text         0000
__Labs1                  abs1         0000
__Lbank0                 bank0        0000
__Lbank1                 bank1        0000
__Lbank2                 bank2        0000
__Lbank3                 bank3        0000
__LbssCOMMON             bssCOMMON    0000
__Lcinit                 cinit        0011
__Lclrtext               clrtext      0000
__Lcode                  code         0000
__Lcommon                common       0000
__Lconfig                config       0000
__LcstackBANK0           cstackBANK0  0000
__LcstackCOMMON          cstackCOMMON 0000
__LdataCOMMON            dataCOMMON   0000
__Leeprom_data           eeprom_data  0000
__Lend_init              end_init     000E
__Lfunctab               functab      0000
__LidataCOMMON           idataCOMMON  0000
__Linit                  init         000E
__Lintentry              intentry     0004
__Lmaintext              maintext     0000
__Lpowerup               powerup      0000
__Lram                   ram          0000
__Lreset_vec             reset_vec    0000
__Lsfr0                  sfr0         0000
__Lsfr1                  sfr1         0000
__Lsfr2                  sfr2         0000
__Lsfr3                  sfr3         0000
__Lspace_0               (abs)        0000
__Lspace_1               (abs)        0000
__Lspace_2               (abs)        0000
__Lspace_3               (abs)        0000
__Lspace_4               (abs)        0000
__Lstack                 stack        0000
__Lstrings               strings      0000
__Ltext                  text         0000
__S0                     (abs)        00FB
__S1                     (abs)        007B
__S2                     (abs)        0000
__S3                     (abs)        0000
___int_sp                stack        0000
___latbits               (abs)        0002
___sp                    stack        0000
___stackhi               (abs)        0000
___stacklo               (abs)        0000
__end_of_LED_set_off     text3        00FA
__end_of_UART_GET        text6        00EC
__end_of_UART_WRITE      text5        00E2
__end_of_USART_Init      text2        00D4
__end_of__initialization cinit        001B
__end_of_isr             text4        0083
__end_of_main            maintext     00B9
__end_of_registers       text1        00F3
__initialization         cinit        0011
__pbssCOMMON             bssCOMMON    0076
__pcstackBANK0           cstackBANK0  0020
__pcstackCOMMON          cstackCOMMON 0070
__pdataCOMMON            dataCOMMON   007A
__pidataCOMMON           idataCOMMON  00FA
__pintentry              intentry     0004
__pmaintext              maintext     0083
__ptext1                 text1        00EC
__ptext2                 text2        00B9
__ptext3                 text3        00F3
__ptext4                 text4        001F
__ptext5                 text5        00D4
__ptext6                 text6        00E2
__size_of_LED_set_off    (abs)        0000
__size_of_UART_GET       (abs)        0000
__size_of_UART_WRITE     (abs)        0000
__size_of_USART_Init     (abs)        0000
__size_of_isr            (abs)        0000
__size_of_main           (abs)        0000
__size_of_registers      (abs)        0000
_count                   bssCOMMON    0078
_data                    dataCOMMON   007A
_ferr                    bssCOMMON    0079
_isr                     text4        001F
_main                    maintext     0083
_ms                      bssCOMMON    0076
_registers               text1        00EC
btemp                    (abs)        007E
end_of_initialization    cinit        001B
interrupt_function       intentry     0004
intlevel0                functab      0000
intlevel1                functab      0000
intlevel2                functab      0000
intlevel3                functab      0000
intlevel4                functab      0000
intlevel5                functab      0000
reset_vec                reset_vec    0000
saved_w                  (abs)        007E
start                    init         000E
start_initialization     cinit        0011
wtemp0                   (abs)        007E


MODULE INFORMATION

Module		Function		Class		Link	Load	Size
./bluetooth.h
		_UART_GET      		CODE           	00E2	0000	10
		_UART_WRITE    		CODE           	00D4	0000	14
		_USART_Init    		CODE           	00B9	0000	27

./bluetooth.h estimated size: 51

newmain.c
		_main          		CODE           	0083	0000	54
		_isr           		CODE           	001F	0000	100

newmain.c estimated size: 154

./pins.h
		_registers     		CODE           	00EC	0000	7
		_LED_set_off   		CODE           	00F3	0000	7

./pins.h estimated size: 14

shared
		__initialization		CODE           	0011	0000	10

shared estimated size: 10

